⬥ Injecting environment variable values for all scopes
⬥ Ignored general context env var: LANG (defined in process)
⬥ Injected project settings env vars: DEEPSEEK_API_KEY
⬥ No app server detected. Using simple static server
⬥ Running static server from "StarEarth"
⬥ Setting up local dev server

⬥ Static server listening to 3999
⬥ Loaded function ai-marketing in Lambda compatibility mode (https://ntl.fyi/lambda-compat)
⬥ Loaded function generate in Lambda compatibility mode (https://ntl.fyi/lambda-compat)

   ╭─────────────────────── ⬥  ────────────────────────╮
   │                                                   │
   │   Local dev server ready: http://localhost:8888   │
   │                                                   │
   ╰───────────────────────────────────────────────────╯

⠋ Setting up the Edge Functions environment. This may take a couple of minutes.
⬥ Loaded function heartbeat
⬥ Reloading function ai-marketing...
⬥ Reloaded function ai-marketing
⬥ Reloading function ai-marketing...
⬥ Reloaded function ai-marketing
⬥ Reloading function ai-marketing...
⬥ Reloaded function ai-marketing
⬥ Reloading function ai-marketing...
⬥ Reloaded function ai-marketing
⬥ Reloading function ai-marketing...
⬥ Reloaded function ai-marketing
